Systolic Array Testbench Log
===========================
Matrix Size: 7x7
Data Width: 16 bits
[20] SYSTEM RESET RELEASED
[95] OUTPUT: valid_out = 1, C = [[0, 0, 0, 0, 0, 0, 0]
[0, 0, 0, 0, 0, 0, 0]
[0, 0, 0, 0, 0, 0, 0]
[0, 0, 0, 0, 0, 0, 0]
[0, 0, 0, 0, 0, 0, 0]
[0, 0, 0, 0, 0, 0, 0]
[0, 0, 0, 0, 0, 0, 5]
]
[105] OUTPUT: valid_out = 1, C = [[0, 0, 0, 0, 0, 0, 0]
[0, 0, 0, 0, 0, 0, 0]
[0, 0, 0, 0, 0, 0, 0]
[0, 0, 0, 0, 0, 0, 0]
[0, 0, 0, 0, 0, 0, 0]
[0, 0, 0, 0, 0, 0, 5]
[0, 0, 0, 0, 0, 5, 5]
]
[115] OUTPUT: valid_out = 1, C = [[0, 0, 0, 0, 0, 0, 0]
[0, 0, 0, 0, 0, 0, 0]
[0, 0, 0, 0, 0, 0, 0]
[0, 0, 0, 0, 0, 0, 0]
[0, 0, 0, 0, 0, 0, 5]
[0, 0, 0, 0, 0, 6, 5]
[0, 0, 0, 0, 5, 5, 5]
]
[125] OUTPUT: valid_out = 1, C = [[0, 0, 0, 0, 0, 0, 0]
[0, 0, 0, 0, 0, 0, 0]
[0, 0, 0, 0, 0, 0, 0]
[0, 0, 0, 0, 0, 0, 5]
[0, 0, 0, 0, 0, 6, 5]
[0, 0, 0, 0, 6, 6, 5]
[0, 0, 0, 5, 5, 5, 5]
]
[135] OUTPUT: valid_out = 1, C = [[0, 0, 0, 0, 0, 0, 0]
[0, 0, 0, 0, 0, 0, 0]
[0, 0, 0, 0, 0, 0, 5]
[0, 0, 0, 0, 0, 6, 5]
[0, 0, 0, 0, 7, 6, 5]
[0, 0, 0, 6, 6, 6, 5]
[0, 0, 5, 5, 5, 5, 5]
]
[145] OUTPUT: valid_out = 1, C = [[0, 0, 0, 0, 0, 0, 0]
[0, 0, 0, 0, 0, 0, 5]
[0, 0, 0, 0, 0, 6, 5]
[0, 0, 0, 0, 7, 6, 5]
[0, 0, 0, 7, 7, 6, 5]
[0, 0, 6, 6, 6, 6, 5]
[0, 5, 5, 5, 5, 5, 5]
]
[155] OUTPUT: valid_out = 1, C = [[0, 0, 0, 0, 0, 0, 5]
[0, 0, 0, 0, 0, 6, 5]
[0, 0, 0, 0, 7, 6, 5]
[0, 0, 0, 8, 7, 6, 5]
[0, 0, 7, 7, 7, 6, 5]
[0, 6, 6, 6, 6, 6, 5]
[5, 5, 5, 5, 5, 5, 5]
]
[165] OUTPUT: valid_out = 1, C = [[0, 0, 0, 0, 0, 6, 5]
[0, 0, 0, 0, 7, 6, 5]
[0, 0, 0, 8, 7, 6, 5]
[0, 0, 8, 8, 7, 6, 5]
[0, 7, 7, 7, 7, 6, 5]
[6, 6, 6, 6, 6, 6, 5]
[5, 5, 5, 5, 5, 5, 5]
]
[175] OUTPUT: valid_out = 1, C = [[0, 0, 0, 0, 7, 6, 5]
[0, 0, 0, 8, 7, 6, 5]
[0, 0, 9, 8, 7, 6, 5]
[0, 8, 8, 8, 7, 6, 5]
[7, 7, 7, 7, 7, 6, 5]
[6, 6, 6, 6, 6, 6, 5]
[5, 5, 5, 5, 5, 5, 5]
]
[185] OUTPUT: valid_out = 1, C = [[0, 0, 0, 8, 7, 6, 5]
[0, 0, 9, 8, 7, 6, 5]
[0, 9, 9, 8, 7, 6, 5]
[8, 8, 8, 8, 7, 6, 5]
[7, 7, 7, 7, 7, 6, 5]
[6, 6, 6, 6, 6, 6, 5]
[5, 5, 5, 5, 5, 5, 5]
]
[195] OUTPUT: valid_out = 1, C = [[0, 0, 9, 8, 7, 6, 5]
[0, 10, 9, 8, 7, 6, 5]
[9, 9, 9, 8, 7, 6, 5]
[8, 8, 8, 8, 7, 6, 5]
[7, 7, 7, 7, 7, 6, 5]
[6, 6, 6, 6, 6, 6, 5]
[5, 5, 5, 5, 5, 5, 5]
]
[205] OUTPUT: valid_out = 1, C = [[0, 10, 9, 8, 7, 6, 5]
[10, 10, 9, 8, 7, 6, 5]
[9, 9, 9, 8, 7, 6, 5]
[8, 8, 8, 8, 7, 6, 5]
[7, 7, 7, 7, 7, 6, 5]
[6, 6, 6, 6, 6, 6, 5]
[5, 5, 5, 5, 5, 5, 5]
]
[215] OUTPUT: valid_out = 1, C = [[11, 10, 9, 8, 7, 6, 5]
[10, 10, 9, 8, 7, 6, 5]
[9, 9, 9, 8, 7, 6, 5]
[8, 8, 8, 8, 7, 6, 5]
[7, 7, 7, 7, 7, 6, 5]
[6, 6, 6, 6, 6, 6, 5]
[5, 5, 5, 5, 5, 5, 5]
]
